ℹ Testing aazbie
dif: ....................
eksport: ........
end2end: 

processing file: psychometria_raport.Rmd
  |                                                      |                                              |   0%  |                                                      |..                                            |   3%                          |                                                      |...                                           |   7% [setup]                  |                                                      |.....                                         |  10%                          |                                                      |......                                        |  14% [report-title]           |                                                      |........                                      |  17%                          |                                                      |..........                                    |  21% [load-data]              |                                                      |...........                                   |  24%                          |                                                      |.............                                 |  28% [identify-items]         |                                                      |..............                                |  31%                          |                                                      |................                              |  34% [validation]             |                                                      |.................                             |  38%                          |                                                      |...................                           |  41% [detect-versions]        |                                                      |.....................                         |  45%                          |                                                      |......................                        |  48% [prepare-analysis-data]  |                                                      |........................                      |  52%                          |                                                      |.........................                     |  55% [ctt-analysis]           |                                                      |...........................                   |  59%                          |                                                      |.............................                 |  62% [ctt-sequential]         |                                                      |..............................                |  66%                          |                                                      |................................              |  69% [irt-analysis]           |                                                      |.................................             |  72%                          |                                                      |...................................           |  76% [item-fit]               |                                                      |....................................          |  79%                          |                                                      |......................................        |  83% [dif-analysis]           |                                                      |........................................      |  86%                          |                                                      |.........................................     |  90% [summary]                |                                                      |...........................................   |  93%                          |                                                      |............................................  |  97% [export-results]         |                                                      |..............................................| 100%                                                                                                                                          
output file: psychometria_raport.knit.md

"C:/Program Files/RStudio/resources/app/bin/quarto/bin/tools/pandoc" +RTS -K512m -RTS psychometria_raport.knit.md --to html4 --from markdown+autolink_bare_uris+tex_math_single_backslash --output pandoc2d7441577bc5.html --lua-filter "C:\Users\IBE-1141-101\AppData\Local\R\cache\R\renv\cache\v5\windows\R-4.6\x86_64-w64-mingw32\rmarkdown\2.31\f34039d57d861d2869cbf9be813ed08e\rmarkdown\rmarkdown\lua\pagebreak.lua" --lua-filter "C:\Users\IBE-1141-101\AppData\Local\R\cache\R\renv\cache\v5\windows\R-4.6\x86_64-w64-mingw32\rmarkdown\2.31\f34039d57d861d2869cbf9be813ed08e\rmarkdown\rmarkdown\lua\latex-div.lua" --lua-filter "C:\Users\IBE-1141-101\AppData\Local\R\cache\R\renv\cache\v5\windows\R-4.6\x86_64-w64-mingw32\rmarkdown\2.31\f34039d57d861d2869cbf9be813ed08e\rmarkdown\rmarkdown\lua\table-classes.lua" --embed-resources --standalone --variable bs3=TRUE --section-divs --table-of-contents --toc-depth 3 --variable toc_float=1 --variable toc_selectors=h1,h2,h3 --variable toc_collapsed=1 --variable toc_smooth_scroll=1 --variable toc_print=1 --template "C:\Users\IBE-1141-101\AppData\Local\R\cache\R\renv\cache\v5\windows\R-4.6\x86_64-w64-mingw32\rmarkdown\2.31\f34039d57d861d2869cbf9be813ed08e\rmarkdown\rmd\h\default.html" --syntax-highlighting none --variable highlightjs=1 --number-sections --variable theme=flatly --mathjax --variable "mathjax-url=https://mathjax.rstudio.com/latest/MathJax.js?config=TeX-AMS-MML_HTMLorMML" --include-in-header "C:\Users\IBE-11~1\AppData\Local\Temp\Rtmp86lOQV\rmarkdown-str2d744dd3380c.html" --variable code_folding=hide --variable code_menu=1 

Output created: C:/Users/IBE-11~1/AppData/Local/Temp/Rtmp86lOQV/raport_bin.html
....

processing file: psychometria_raport.Rmd
  |                                                      |                                              |   0%  |                                                      |..                                            |   3%                          |                                                      |...                                           |   7% [setup]                  |                                                      |.....                                         |  10%                          |                                                      |......                                        |  14% [report-title]           |                                                      |........                                      |  17%                          |                                                      |..........                                    |  21% [load-data]              |                                                      |...........                                   |  24%                          |                                                      |.............                                 |  28% [identify-items]         |                                                      |..............                                |  31%                          |                                                      |................                              |  34% [validation]             |                                                      |.................                             |  38%                          |                                                      |...................                           |  41% [detect-versions]        |                                                      |.....................                         |  45%                          |                                                      |......................                        |  48% [prepare-analysis-data]  |                                                      |........................                      |  52%                          |                                                      |.........................                     |  55% [ctt-analysis]           |                                                      |...........................                   |  59%                          |                                                      |.............................                 |  62% [ctt-sequential]         |                                                      |..............................                |  66%                          |                                                      |................................              |  69% [irt-analysis]           |                                                      |.................................             |  72%                          |                                                      |...................................           |  76% [item-fit]               |                                                      |....................................          |  79%                          |                                                      |......................................        |  83% [dif-analysis]           |                                                      |........................................      |  86%                          |                                                      |.........................................     |  90% [summary]                |                                                      |...........................................   |  93%                          |                                                      |............................................  |  97% [export-results]         |                                                      |..............................................| 100%                                                                                                                                          
output file: psychometria_raport.knit.md

"C:/Program Files/RStudio/resources/app/bin/quarto/bin/tools/pandoc" +RTS -K512m -RTS psychometria_raport.knit.md --to html4 --from markdown+autolink_bare_uris+tex_math_single_backslash --output pandoc2d7429055ea.html --lua-filter "C:\Users\IBE-1141-101\AppData\Local\R\cache\R\renv\cache\v5\windows\R-4.6\x86_64-w64-mingw32\rmarkdown\2.31\f34039d57d861d2869cbf9be813ed08e\rmarkdown\rmarkdown\lua\pagebreak.lua" --lua-filter "C:\Users\IBE-1141-101\AppData\Local\R\cache\R\renv\cache\v5\windows\R-4.6\x86_64-w64-mingw32\rmarkdown\2.31\f34039d57d861d2869cbf9be813ed08e\rmarkdown\rmarkdown\lua\latex-div.lua" --lua-filter "C:\Users\IBE-1141-101\AppData\Local\R\cache\R\renv\cache\v5\windows\R-4.6\x86_64-w64-mingw32\rmarkdown\2.31\f34039d57d861d2869cbf9be813ed08e\rmarkdown\rmarkdown\lua\table-classes.lua" --embed-resources --standalone --variable bs3=TRUE --section-divs --table-of-contents --toc-depth 3 --variable toc_float=1 --variable toc_selectors=h1,h2,h3 --variable toc_collapsed=1 --variable toc_smooth_scroll=1 --variable toc_print=1 --template "C:\Users\IBE-1141-101\AppData\Local\R\cache\R\renv\cache\v5\windows\R-4.6\x86_64-w64-mingw32\rmarkdown\2.31\f34039d57d861d2869cbf9be813ed08e\rmarkdown\rmd\h\default.html" --syntax-highlighting none --variable highlightjs=1 --number-sections --variable theme=flatly --mathjax --variable "mathjax-url=https://mathjax.rstudio.com/latest/MathJax.js?config=TeX-AMS-MML_HTMLorMML" --include-in-header "C:\Users\IBE-11~1\AppData\Local\Temp\Rtmp86lOQV\rmarkdown-str2d7444943acd.html" --variable code_folding=hide --variable code_menu=1 

Output created: C:/Users/IBE-11~1/AppData/Local/Temp/Rtmp86lOQV/raport_poly.html
...
helpers: ............
item_fit_wersje: Data does not contain missing values. Continuing normally
Sample size after row-wise response data removal: 500
...WData does not contain missing values. Continuing normally
Sample size after row-wise response data removal: 200
Data does not contain missing values. Continuing normally
Sample size after row-wise response data removal: 200
........Data does not contain missing values. Continuing normally
Sample size after row-wise response data removal: 200
Data does not contain missing values. Continuing normally
Sample size after row-wise response data removal: 200
W.....WData does not contain missing values. Continuing normally
Sample size after row-wise response data removal: 200
.....
poprawki: ....W.....Sample size after row-wise response data removal: 414
......W.........W.......
tlumaczenia: ........

══ Warnings ════════════════════════════════════════════════════════════════════
1. S-X2 per wersja: kazdy item w swojej wersji, na osobach tej wersji ('test_item_fit_wersje.R:20:3') - EM cycles terminated after 500 iterations.

2. S-X2 per wersja z itemami wspolnymi; bledna dlugosc versions ('test_item_fit_wersje.R:36:3') - NaNs produced

3. S-X2 per wersja: wersja bez pelnych wierszy daje status czesciowy ('test_item_fit_wersje.R:61:3') - EM cycles terminated after 500 iterations.

4. P2: item fit zwraca nazwy zadan w kolumnie Item ('test_poprawki.R:52:3') - EM cycles terminated after 500 iterations.

5. P3: bez pelnych wierszy S-X2 zwraca czytelny status ('test_poprawki.R:103:3') - EM cycles terminated after 500 iterations.

6. D4: Ocena_a dla 1PL mowi Ustalone ('test_poprawki.R:202:3') - EM cycles terminated after 500 iterations.

══ DONE ════════════════════════════════════════════════════════════════════════
